Microchip MPLAB XC8 Compiler V1.36 ()

Linker command line:

--edf=C:\Program Files (x86)\Microchip\xc8\v1.36\dat\en_msgs.txt -cs \
  -h+dist/PIC16F1503_Config/production\Defector.production.sym \
  --cmf=dist/PIC16F1503_Config/production\Defector.production.cmf -z \
  -Q16F1503 -oC:\Users\Billow\AppData\Local\Temp\sbjk.2 \
  -Mdist/PIC16F1503_Config/production/Defector.production.map -E1 -ver=XC8 \
  -ASTACK=0201Ah-0206fh -pstack=STACK -ACODE=00h-07FFh -ASTRCODE=00h-07FFh \
  -ASTRING=00h-0FFhx8 -ACONST=00h-0FFhx8 -AENTRY=00h-0FFhx8 \
  -ACOMMON=070h-07Fh -ABANK0=020h-06Fh -ABANK1=0A0h-0BFh \
  -ABIGRAM=02000h-0206Fh -ARAM=020h-06Fh,0A0h-0BFh \
  -AABS1=020h-07Fh,0A0h-0BFh -ASFR0=00h-01Fh -ASFR1=080h-09Fh \
  -ASFR2=0100h-016Fh -ASFR3=0180h-01EFh -ASFR4=0200h-026Fh \
  -ASFR5=0280h-02EFh -ASFR6=0300h-036Fh -ASFR7=0380h-03EFh \
  -ASFR8=0400h-046Fh -ASFR9=0480h-04EFh -ASFR10=0500h-056Fh \
  -ASFR11=0580h-05EFh -ASFR12=0600h-066Fh -ASFR13=0680h-06EFh \
  -ASFR14=0700h-076Fh -ASFR15=0780h-07EFh -ASFR16=0800h-086Fh \
  -ASFR17=0880h-08EFh -ASFR18=0900h-096Fh -ASFR19=0980h-09EFh \
  -ASFR20=0A00h-0A6Fh -ASFR21=0A80h-0AEFh -ASFR22=0B00h-0B6Fh \
  -ASFR23=0B80h-0BEFh -ASFR24=0C00h-0C6Fh -ASFR25=0C80h-0CEFh \
  -ASFR26=0D00h-0D6Fh -ASFR27=0D80h-0DEFh -ASFR28=0E00h-0E6Fh \
  -ASFR29=0E80h-0EEFh -ASFR30=0F00h-0F6Fh -ASFR31=0F80h-0FEFh \
  -preset_vec=00h,intentry=04h,init,end_init -ppowerup=CODE -pcinit=CODE \
  -pfunctab=CODE -ACONFIG=08007h-08008h -pconfig=CONFIG -DCONFIG=2 \
  -AIDLOC=08000h-08003h -pidloc=IDLOC -DIDLOC=2 -DCODE=2 -DSTRCODE=2 \
  -DSTRING=2 -DCONST=2 -DENTRY=2 -k \
  C:\Users\Billow\AppData\Local\Temp\sbjk.obj \
  dist/PIC16F1503_Config/production\Defector.production.obj 

Object code version is 3.11

Machine type is 16F1503



                Name                               Link     Load   Length Selector   Space Scale
C:\Users\Billow\AppData\Local\Temp\sbjk.obj
                end_init                              D        D        1        8       0
                reset_vec                             0        0        1        0       0
                config                             8007     8007        2    1000E       0
dist/PIC16F1503_Config/production\Defector.production.obj
                cinit                                 E        E       21        8       0
                intentry                              4        4        9        8       0
                text10                              1C2      1C2        5        8       0
                text9                               1A4      1A4        A        8       0
                text8                               175      175       11        8       0
                text7                               1AE      1AE        8        8       0
                text6                               195      195        F        8       0
                text5                               15B      15B       1A        8       0
                text4                                CE       CE       59        8       0
                text3                               141      141       1A        8       0
                text2                               127      127       1A        8       0
                text1                                2F       2F       9F        8       0
                maintext                            186      186        F        8       0
                cstackCOMMON                         70       70        7       70       1
                clrtext                             1BC      1BC        6        8       0
                dataBANK0                            34       34        6       20       1
                bssBANK0                             20       20       14       20       1
                dataCOMMON                           7B       7B        2       70       1
                bssCOMMON                            77       77        4       70       1
                idataBANK0                          1B6      1B6        6        8       0
                idataCOMMON                         1C7      1C7        2        8       0

TOTAL           Name                               Link     Load   Length     Space
        CLASS   STACK          

        CLASS   CODE           
                end_init                              D        D        1         0
                cinit                                 E        E       21         0
                intentry                              4        4        9         0
                reset_vec                             0        0        1         0
                text10                              1C2      1C2        5         0
                text9                               1A4      1A4        A         0
                text8                               175      175       11         0
                text7                               1AE      1AE        8         0
                text6                               195      195        F         0
                text5                               15B      15B       1A         0
                text4                                CE       CE       59         0
                text3                               141      141       1A         0
                text2                               127      127       1A         0
                text1                                2F       2F       9F         0
                maintext                            186      186        F         0
                clrtext                             1BC      1BC        6         0
                idataBANK0                          1B6      1B6        6         0
                idataCOMMON                         1C7      1C7        2         0

        CLASS   STRCODE        

        CLASS   STRING         

        CLASS   CONST          

        CLASS   ENTRY          

        CLASS   COMMON         
                cstackCOMMON                         70       70        7         1
                dataCOMMON                           7B       7B        2         1
                bssCOMMON                            77       77        4         1

        CLASS   BANK0          
                dataBANK0                            34       34        6         1
                bssBANK0                             20       20       14         1

        CLASS   BANK1          

        CLASS   BIGRAM         

        CLASS   RAM            

        CLASS   ABS1           
                abs_s1                               7E       7E        2         1

        CLASS   SFR0           

        CLASS   SFR1           

        CLASS   SFR2           

        CLASS   SFR3           

        CLASS   SFR4           

        CLASS   SFR5           

        CLASS   SFR6           

        CLASS   SFR7           

        CLASS   SFR8           

        CLASS   SFR9           

        CLASS   SFR10          

        CLASS   SFR11          

        CLASS   SFR12          

        CLASS   SFR13          

        CLASS   SFR14          

        CLASS   SFR15          

        CLASS   SFR16          

        CLASS   SFR17          

        CLASS   SFR18          

        CLASS   SFR19          

        CLASS   SFR20          

        CLASS   SFR21          

        CLASS   SFR22          

        CLASS   SFR23          

        CLASS   SFR24          

        CLASS   SFR25          

        CLASS   SFR26          

        CLASS   SFR27          

        CLASS   SFR28          

        CLASS   SFR29          

        CLASS   SFR30          

        CLASS   SFR31          

        CLASS   CONFIG         
                config                             8007     8007        2         0

        CLASS   IDLOC          

        CLASS   BANK31         

        CLASS   BANK30         

        CLASS   BANK29         

        CLASS   BANK28         

        CLASS   BANK27         

        CLASS   BANK26         

        CLASS   BANK25         

        CLASS   BANK24         

        CLASS   BANK23         

        CLASS   BANK22         

        CLASS   BANK21         

        CLASS   BANK20         

        CLASS   BANK19         

        CLASS   BANK18         

        CLASS   BANK17         

        CLASS   BANK16         

        CLASS   BANK15         

        CLASS   BANK14         

        CLASS   BANK13         

        CLASS   BANK12         

        CLASS   BANK11         

        CLASS   BANK10         

        CLASS   BANK9          

        CLASS   BANK8          

        CLASS   BANK7          

        CLASS   BANK6          

        CLASS   BANK5          

        CLASS   BANK4          

        CLASS   BANK3          

        CLASS   BANK2          

        CLASS   EEDATA         



SEGMENTS        Name                           Load    Length   Top    Selector   Space  Class     Delta

                reset_vec                      000000  000001  000001         0       0  CODE        2
                intentry                       000004  0001C5  0001C9         8       0  CODE        2
                bssBANK0                       000020  00001A  00003A        20       1  BANK0       1
                cstackCOMMON                   000070  00000D  00007D        70       1  COMMON      1
                config                         008007  000002  008009     1000E       0  CONFIG      2


UNUSED ADDRESS RANGES

        Name                Unused          Largest block    Delta
        BANK0            0003A-0006F              36           1
        BANK1            000A0-000BF              20           1
        BIGRAM           02000-0206F              70           1
        CODE             00001-00003               3           2
                         001C9-007FF             637
        COMMON           0007D-0007D               1           1
        CONST            00001-00003               3           2
                         001C9-007FF             100
        ENTRY            00001-00003               3           2
                         001C9-007FF             100
        IDLOC            08000-08003               4           2
        RAM              0003A-0006F              36           1
                         000A0-000BF              20
        SFR0             00000-0001F              20           1
        SFR1             00080-0009F              20           1
        SFR10            00500-0056F              70           1
        SFR11            00580-005EF              70           1
        SFR12            00600-0066F              70           1
        SFR13            00680-006EF              70           1
        SFR14            00700-0076F              70           1
        SFR15            00780-007EF              70           1
        SFR16            00800-0086F              70           1
        SFR17            00880-008EF              70           1
        SFR18            00900-0096F              70           1
        SFR19            00980-009EF              70           1
        SFR2             00100-0016F              70           1
        SFR20            00A00-00A6F              70           1
        SFR21            00A80-00AEF              70           1
        SFR22            00B00-00B6F              70           1
        SFR23            00B80-00BEF              70           1
        SFR24            00C00-00C6F              70           1
        SFR25            00C80-00CEF              70           1
        SFR26            00D00-00D6F              70           1
        SFR27            00D80-00DEF              70           1
        SFR28            00E00-00E6F              70           1
        SFR29            00E80-00EEF              70           1
        SFR3             00180-001EF              70           1
        SFR30            00F00-00F6F              70           1
        SFR31            00F80-00FEF              70           1
        SFR4             00200-0026F              70           1
        SFR5             00280-002EF              70           1
        SFR6             00300-0036F              70           1
        SFR7             00380-003EF              70           1
        SFR8             00400-0046F              70           1
        SFR9             00480-004EF              70           1
        STACK            0201A-0206F              56           1
        STRCODE          00001-00003               3           2
                         001C9-007FF             637
        STRING           00001-00003               3           2
                         001C9-007FF             100

                                  Symbol Table

_ADCON0bits                   (abs)        0009D
_ADCON1bits                   (abs)        0009E
_ADRESH                       (abs)        0009C
_ADRESL                       (abs)        0009B
_ANSELAbits                   (abs)        0018C
_ConfigureOscillator          text10       001C2
_INTCONbits                   (abs)        0000B
_InitApp                      text8        00175
_LATAbits                     (abs)        0010C
_LATCbits                     (abs)        0010E
_OSCCONbits                   (abs)        00099
_OSCSTAT                      (abs)        0009A
_PIR1bits                     (abs)        00011
_PMADRH                       (abs)        00192
_PMADRL                       (abs)        00191
_PMCON1bits                   (abs)        00195
_PMCON2                       (abs)        00196
_PMDATH                       (abs)        00194
_PMDATL                       (abs)        00193
_PORTAbits                    (abs)        0000C
_T2CONbits                    (abs)        0001C
_TRISAbits                    (abs)        0008C
_TRISCbits                    (abs)        0008E
__CFG_BOREN$OFF               (abs)        00000
__CFG_BORV$LO                 (abs)        00000
__CFG_CLKOUTEN$OFF            (abs)        00000
__CFG_CP$OFF                  (abs)        00000
__CFG_FOSC$INTOSC             (abs)        00000
__CFG_LPBOR$OFF               (abs)        00000
__CFG_LVP$ON                  (abs)        00000
__CFG_MCLRE$ON                (abs)        00000
__CFG_PWRTE$OFF               (abs)        00000
__CFG_STVREN$ON               (abs)        00000
__CFG_WDTE$OFF                (abs)        00000
__CFG_WRT$OFF                 (abs)        00000
__Habs1                       abs1         00000
__Hbank0                      bank0        00000
__Hbank1                      bank1        00000
__Hbank10                     bank10       00000
__Hbank11                     bank11       00000
__Hbank12                     bank12       00000
__Hbank13                     bank13       00000
__Hbank14                     bank14       00000
__Hbank15                     bank15       00000
__Hbank16                     bank16       00000
__Hbank17                     bank17       00000
__Hbank18                     bank18       00000
__Hbank19                     bank19       00000
__Hbank2                      bank2        00000
__Hbank20                     bank20       00000
__Hbank21                     bank21       00000
__Hbank22                     bank22       00000
__Hbank23                     bank23       00000
__Hbank24                     bank24       00000
__Hbank25                     bank25       00000
__Hbank26                     bank26       00000
__Hbank27                     bank27       00000
__Hbank28                     bank28       00000
__Hbank29                     bank29       00000
__Hbank3                      bank3        00000
__Hbank30                     bank30       00000
__Hbank31                     bank31       00000
__Hbank4                      bank4        00000
__Hbank5                      bank5        00000
__Hbank6                      bank6        00000
__Hbank7                      bank7        00000
__Hbank8                      bank8        00000
__Hbank9                      bank9        00000
__Hbigram                     bigram       00000
__HbssBANK0                   bssBANK0     00000
__HbssCOMMON                  bssCOMMON    00000
__Hcinit                      cinit        0002F
__Hclrtext                    clrtext      00000
__Hcode                       code         00000
__Hcommon                     common       00000
__Hconfig                     config       08009
__HcstackCOMMON               cstackCOMMON 00000
__HdataBANK0                  dataBANK0    00000
__HdataCOMMON                 dataCOMMON   00000
__Heeprom_data                eeprom_data  00000
__Hend_init                   end_init     0000E
__Hfunctab                    functab      00000
__HidataBANK0                 idataBANK0   00000
__HidataCOMMON                idataCOMMON  00000
__Hidloc                      idloc        00000
__Hinit                       init         0000D
__Hintentry                   intentry     0000D
__Hmaintext                   maintext     00000
__Hpowerup                    powerup      00000
__Hram                        ram          00000
__Hreset_vec                  reset_vec    00001
__Hsfr0                       sfr0         00000
__Hsfr1                       sfr1         00000
__Hsfr10                      sfr10        00000
__Hsfr11                      sfr11        00000
__Hsfr12                      sfr12        00000
__Hsfr13                      sfr13        00000
__Hsfr14                      sfr14        00000
__Hsfr15                      sfr15        00000
__Hsfr16                      sfr16        00000
__Hsfr17                      sfr17        00000
__Hsfr18                      sfr18        00000
__Hsfr19                      sfr19        00000
__Hsfr2                       sfr2         00000
__Hsfr20                      sfr20        00000
__Hsfr21                      sfr21        00000
__Hsfr22                      sfr22        00000
__Hsfr23                      sfr23        00000
__Hsfr24                      sfr24        00000
__Hsfr25                      sfr25        00000
__Hsfr26                      sfr26        00000
__Hsfr27                      sfr27        00000
__Hsfr28                      sfr28        00000
__Hsfr29                      sfr29        00000
__Hsfr3                       sfr3         00000
__Hsfr30                      sfr30        00000
__Hsfr31                      sfr31        00000
__Hsfr4                       sfr4         00000
__Hsfr5                       sfr5         00000
__Hsfr6                       sfr6         00000
__Hsfr7                       sfr7         00000
__Hsfr8                       sfr8         00000
__Hsfr9                       sfr9         00000
__Hspace_0                    (abs)        08009
__Hspace_1                    (abs)        0007D
__Hspace_2                    (abs)        00000
__Hspace_3                    (abs)        00000
__Hstack                      stack        00000
__Hstrings                    strings      00000
__Htext                       text         00000
__Labs1                       abs1         00000
__Lbank0                      bank0        00000
__Lbank1                      bank1        00000
__Lbank10                     bank10       00000
__Lbank11                     bank11       00000
__Lbank12                     bank12       00000
__Lbank13                     bank13       00000
__Lbank14                     bank14       00000
__Lbank15                     bank15       00000
__Lbank16                     bank16       00000
__Lbank17                     bank17       00000
__Lbank18                     bank18       00000
__Lbank19                     bank19       00000
__Lbank2                      bank2        00000
__Lbank20                     bank20       00000
__Lbank21                     bank21       00000
__Lbank22                     bank22       00000
__Lbank23                     bank23       00000
__Lbank24                     bank24       00000
__Lbank25                     bank25       00000
__Lbank26                     bank26       00000
__Lbank27                     bank27       00000
__Lbank28                     bank28       00000
__Lbank29                     bank29       00000
__Lbank3                      bank3        00000
__Lbank30                     bank30       00000
__Lbank31                     bank31       00000
__Lbank4                      bank4        00000
__Lbank5                      bank5        00000
__Lbank6                      bank6        00000
__Lbank7                      bank7        00000
__Lbank8                      bank8        00000
__Lbank9                      bank9        00000
__Lbigram                     bigram       00000
__LbssBANK0                   bssBANK0     00000
__LbssCOMMON                  bssCOMMON    00000
__Lcinit                      cinit        0000E
__Lclrtext                    clrtext      00000
__Lcode                       code         00000
__Lcommon                     common       00000
__Lconfig                     config       08007
__LcstackCOMMON               cstackCOMMON 00000
__LdataBANK0                  dataBANK0    00000
__LdataCOMMON                 dataCOMMON   00000
__Leeprom_data                eeprom_data  00000
__Lend_init                   end_init     0000D
__Lfunctab                    functab      00000
__LidataBANK0                 idataBANK0   00000
__LidataCOMMON                idataCOMMON  00000
__Lidloc                      idloc        00000
__Linit                       init         0000D
__Lintentry                   intentry     00004
__Lmaintext                   maintext     00000
__Lpowerup                    powerup      00000
__Lram                        ram          00000
__Lreset_vec                  reset_vec    00000
__Lsfr0                       sfr0         00000
__Lsfr1                       sfr1         00000
__Lsfr10                      sfr10        00000
__Lsfr11                      sfr11        00000
__Lsfr12                      sfr12        00000
__Lsfr13                      sfr13        00000
__Lsfr14                      sfr14        00000
__Lsfr15                      sfr15        00000
__Lsfr16                      sfr16        00000
__Lsfr17                      sfr17        00000
__Lsfr18                      sfr18        00000
__Lsfr19                      sfr19        00000
__Lsfr2                       sfr2         00000
__Lsfr20                      sfr20        00000
__Lsfr21                      sfr21        00000
__Lsfr22                      sfr22        00000
__Lsfr23                      sfr23        00000
__Lsfr24                      sfr24        00000
__Lsfr25                      sfr25        00000
__Lsfr26                      sfr26        00000
__Lsfr27                      sfr27        00000
__Lsfr28                      sfr28        00000
__Lsfr29                      sfr29        00000
__Lsfr3                       sfr3         00000
__Lsfr30                      sfr30        00000
__Lsfr31                      sfr31        00000
__Lsfr4                       sfr4         00000
__Lsfr5                       sfr5         00000
__Lsfr6                       sfr6         00000
__Lsfr7                       sfr7         00000
__Lsfr8                       sfr8         00000
__Lsfr9                       sfr9         00000
__Lspace_0                    (abs)        00000
__Lspace_1                    (abs)        00000
__Lspace_2                    (abs)        00000
__Lspace_3                    (abs)        00000
__Lstack                      stack        00000
__Lstrings                    strings      00000
__Ltext                       text         00000
__S0                          (abs)        08009
__S1                          (abs)        0007D
__S2                          (abs)        00000
___int_sp                     stack        00000
___latbits                    (abs)        00000
___sp                         stack        00000
__end_of_ConfigureOscillator  text10       001C7
__end_of_InitApp              text8        00186
__end_of__initialization      cinit        0002C
__end_of_initBoost            text7        001B6
__end_of_initFuzz             text6        001A4
__end_of_init_adc             text9        001AE
__end_of_isr                  intentry     0000D
__end_of_main                 maintext     00195
__end_of_setBoostState        text5        00175
__end_of_setFeedbackState     text3        0015B
__end_of_setFuzzState         text2        00141
__end_of_updateBoost          text4        00127
__end_of_updateFuzz           text1        000CE
__initialization              cinit        0000E
__pbssBANK0                   bssBANK0     00020
__pbssCOMMON                  bssCOMMON    00077
__pcstackCOMMON               cstackCOMMON 00070
__pdataBANK0                  dataBANK0    00034
__pdataCOMMON                 dataCOMMON   0007B
__pidataBANK0                 idataBANK0   001B6
__pidataCOMMON                idataCOMMON  001C7
__pintentry                   intentry     00004
__pmaintext                   maintext     00186
__ptext1                      text1        0002F
__ptext10                     text10       001C2
__ptext2                      text2        00127
__ptext3                      text3        00141
__ptext4                      text4        000CE
__ptext5                      text5        0015B
__ptext6                      text6        00195
__ptext7                      text7        001AE
__ptext8                      text8        00175
__ptext9                      text9        001A4
__size_of_ConfigureOscillator (abs)        00000
__size_of_InitApp             (abs)        00000
__size_of_initBoost           (abs)        00000
__size_of_initFuzz            (abs)        00000
__size_of_init_adc            (abs)        00000
__size_of_isr                 (abs)        00000
__size_of_main                (abs)        00000
__size_of_setBoostState       (abs)        00000
__size_of_setFeedbackState    (abs)        00000
__size_of_setFuzzState        (abs)        00000
__size_of_updateBoost         (abs)        00000
__size_of_updateFuzz          (abs)        00000
_boost_down                   bssBANK0     00024
_boost_pressed                bssCOMMON    00077
_boost_state                  bssBANK0     00026
_boost_up                     dataBANK0    00034
_debounce_limit               dataCOMMON   0007B
_feedback_state               bssBANK0     00028
_fuzz_down                    bssBANK0     0002A
_fuzz_pressed                 bssCOMMON    00079
_fuzz_state                   bssBANK0     0002C
_fuzz_toggle                  bssBANK0     0002E
_fuzz_turning_on              bssBANK0     00030
_fuzz_up                      dataBANK0    00036
_initBoost                    text7        001AE
_initFuzz                     text6        00195
_init_adc                     text9        001A4
_isr                          intentry     00004
_long_press_limit             dataBANK0    00038
_main                         maintext     00186
_setBoostState                text5        0015B
_setFeedbackState             text3        00141
_setFuzzState                 text2        00127
_updateBoost                  text4        000CE
_updateFuzz                   text1        0002F
btemp                         (abs)        0007E
clear_ram0                    clrtext      001BC
end_of_initialization         cinit        0002C
int$flags                     (abs)        0007E
intlevel0                     functab      00000
intlevel1                     functab      00000
intlevel2                     functab      00000
intlevel3                     functab      00000
intlevel4                     functab      00000
intlevel5                     functab      00000
ltemp                         (abs)        0007E
ltemp0                        (abs)        0007E
ltemp1                        (abs)        00082
ltemp2                        (abs)        00086
ltemp3                        (abs)        00080
reset_vec                     reset_vec    00000
setBoostState@f_state         cstackCOMMON 00071
setFeedbackState@f_state      cstackCOMMON 00071
setFuzzState@f_state          cstackCOMMON 00071
stackhi                       (abs)        0206F
stacklo                       (abs)        0201A
start                         init         0000D
start_initialization          cinit        0000E
ttemp                         (abs)        0007E
ttemp0                        (abs)        0007E
ttemp1                        (abs)        00081
ttemp2                        (abs)        00084
ttemp3                        (abs)        00087
ttemp4                        (abs)        0007F
updateBoost@debounce_limit    cstackCOMMON 00073
updateFuzz@debounce_limit     cstackCOMMON 00073
wait_ms@timel                 bssBANK0     00020
wtemp                         (abs)        0007E
wtemp0                        (abs)        0007E
wtemp1                        (abs)        00080
wtemp2                        (abs)        00082
wtemp3                        (abs)        00084
wtemp4                        (abs)        00086
wtemp5                        (abs)        00088
wtemp6                        (abs)        0007F


FUNCTION INFORMATION:

 *************** function _main *****************
 Defined at:
		line 27 in file "main.c"
 Parameters:    Size  Location     Type
		None
 Auto vars:     Size  Location     Type
		None
 Return value:  Size  Location     Type
                  1    wreg      void 
 Registers used:
		wreg, status,2, status,0, pclath, cstack
 Tracked objects:
		On entry : 
		On exit  : 
		Unchanged: 
 Data sizes:     COMMON   BANK0   BANK1
      Params:         0       0       0
      Locals:         0       0       0
      Temps:          0       0       0
      Totals:         0       0       0
Total ram usage:        0 bytes
 Hardware stack levels required when called:    3
 This function calls:
		_ConfigureOscillator
		_InitApp
		_initBoost
		_initFuzz
		_updateBoost
		_updateFuzz
 This function is called by:
		Startup code after reset
 This function uses a non-reentrant model


 *************** function _updateFuzz *****************
 Defined at:
		line 40 in file "mcc_generated_files/fuzz.c"
 Parameters:    Size  Location     Type
  debounce_lim    2    3[COMMON] int 
 Auto vars:     Size  Location     Type
		None
 Return value:  Size  Location     Type
                  1    wreg      void 
 Registers used:
		wreg, status,2, status,0, pclath, cstack
 Tracked objects:
		On entry : 
		On exit  : 
		Unchanged: 
 Data sizes:     COMMON   BANK0   BANK1
      Params:         2       0       0
      Locals:         0       0       0
      Temps:          1       0       0
      Totals:         3       0       0
Total ram usage:        3 bytes
 Hardware stack levels used:    1
 Hardware stack levels required when called:    2
 This function calls:
		_setFeedbackState
		_setFuzzState
 This function is called by:
		_main
 This function uses a non-reentrant model


 *************** function _setFuzzState *****************
 Defined at:
		line 100 in file "mcc_generated_files/fuzz.c"
 Parameters:    Size  Location     Type
  f_state         2    1[COMMON] int 
 Auto vars:     Size  Location     Type
		None
 Return value:  Size  Location     Type
                  1    wreg      void 
 Registers used:
		wreg, status,2, status,0
 Tracked objects:
		On entry : 
		On exit  : 
		Unchanged: 
 Data sizes:     COMMON   BANK0   BANK1
      Params:         2       0       0
      Locals:         0       0       0
      Temps:          0       0       0
      Totals:         2       0       0
Total ram usage:        2 bytes
 Hardware stack levels used:    1
 Hardware stack levels required when called:    1
 This function calls:
		Nothing
 This function is called by:
		_updateFuzz
 This function uses a non-reentrant model


 *************** function _setFeedbackState *****************
 Defined at:
		line 108 in file "mcc_generated_files/fuzz.c"
 Parameters:    Size  Location     Type
  f_state         2    1[COMMON] int 
 Auto vars:     Size  Location     Type
		None
 Return value:  Size  Location     Type
                  1    wreg      void 
 Registers used:
		wreg, status,2, status,0
 Tracked objects:
		On entry : 
		On exit  : 
		Unchanged: 
 Data sizes:     COMMON   BANK0   BANK1
      Params:         2       0       0
      Locals:         0       0       0
      Temps:          0       0       0
      Totals:         2       0       0
Total ram usage:        2 bytes
 Hardware stack levels used:    1
 Hardware stack levels required when called:    1
 This function calls:
		Nothing
 This function is called by:
		_updateFuzz
 This function uses a non-reentrant model


 *************** function _updateBoost *****************
 Defined at:
		line 29 in file "mcc_generated_files/boost.c"
 Parameters:    Size  Location     Type
  debounce_lim    2    3[COMMON] int 
 Auto vars:     Size  Location     Type
		None
 Return value:  Size  Location     Type
                  1    wreg      void 
 Registers used:
		wreg, status,2, status,0, pclath, cstack
 Tracked objects:
		On entry : 
		On exit  : 
		Unchanged: 
 Data sizes:     COMMON   BANK0   BANK1
      Params:         2       0       0
      Locals:         0       0       0
      Temps:          2       0       0
      Totals:         4       0       0
Total ram usage:        4 bytes
 Hardware stack levels used:    1
 Hardware stack levels required when called:    2
 This function calls:
		_setBoostState
 This function is called by:
		_main
 This function uses a non-reentrant model


 *************** function _setBoostState *****************
 Defined at:
		line 65 in file "mcc_generated_files/boost.c"
 Parameters:    Size  Location     Type
  f_state         2    1[COMMON] int 
 Auto vars:     Size  Location     Type
		None
 Return value:  Size  Location     Type
                  1    wreg      void 
 Registers used:
		wreg, status,2, status,0
 Tracked objects:
		On entry : 
		On exit  : 
		Unchanged: 
 Data sizes:     COMMON   BANK0   BANK1
      Params:         2       0       0
      Locals:         0       0       0
      Temps:          0       0       0
      Totals:         2       0       0
Total ram usage:        2 bytes
 Hardware stack levels used:    1
 Hardware stack levels required when called:    1
 This function calls:
		Nothing
 This function is called by:
		_updateBoost
 This function uses a non-reentrant model


 *************** function _initFuzz *****************
 Defined at:
		line 27 in file "mcc_generated_files/fuzz.c"
 Parameters:    Size  Location     Type
		None
 Auto vars:     Size  Location     Type
		None
 Return value:  Size  Location     Type
                  1    wreg      void 
 Registers used:
		status,2
 Tracked objects:
		On entry : 
		On exit  : 
		Unchanged: 
 Data sizes:     COMMON   BANK0   BANK1
      Params:         0       0       0
      Locals:         0       0       0
      Temps:          0       0       0
      Totals:         0       0       0
Total ram usage:        0 bytes
 Hardware stack levels used:    1
 Hardware stack levels required when called:    1
 This function calls:
		Nothing
 This function is called by:
		_main
 This function uses a non-reentrant model


 *************** function _initBoost *****************
 Defined at:
		line 21 in file "mcc_generated_files/boost.c"
 Parameters:    Size  Location     Type
		None
 Auto vars:     Size  Location     Type
		None
 Return value:  Size  Location     Type
                  1    wreg      void 
 Registers used:
		status,2
 Tracked objects:
		On entry : 
		On exit  : 
		Unchanged: 
 Data sizes:     COMMON   BANK0   BANK1
      Params:         0       0       0
      Locals:         0       0       0
      Temps:          0       0       0
      Totals:         0       0       0
Total ram usage:        0 bytes
 Hardware stack levels used:    1
 Hardware stack levels required when called:    1
 This function calls:
		Nothing
 This function is called by:
		_main
 This function uses a non-reentrant model


 *************** function _InitApp *****************
 Defined at:
		line 27 in file "user.c"
 Parameters:    Size  Location     Type
		None
 Auto vars:     Size  Location     Type
		None
 Return value:  Size  Location     Type
                  1    wreg      void 
 Registers used:
		wreg, status,2, status,0, pclath, cstack
 Tracked objects:
		On entry : 
		On exit  : 
		Unchanged: 
 Data sizes:     COMMON   BANK0   BANK1
      Params:         0       0       0
      Locals:         0       0       0
      Temps:          0       0       0
      Totals:         0       0       0
Total ram usage:        0 bytes
 Hardware stack levels used:    1
 Hardware stack levels required when called:    2
 This function calls:
		_init_adc
 This function is called by:
		_main
 This function uses a non-reentrant model


 *************** function _init_adc *****************
 Defined at:
		line 55 in file "user.c"
 Parameters:    Size  Location     Type
		None
 Auto vars:     Size  Location     Type
		None
 Return value:  Size  Location     Type
                  1    wreg      void 
 Registers used:
		wreg, status,2, status,0
 Tracked objects:
		On entry : 
		On exit  : 
		Unchanged: 
 Data sizes:     COMMON   BANK0   BANK1
      Params:         0       0       0
      Locals:         0       0       0
      Temps:          0       0       0
      Totals:         0       0       0
Total ram usage:        0 bytes
 Hardware stack levels used:    1
 Hardware stack levels required when called:    1
 This function calls:
		Nothing
 This function is called by:
		_InitApp
 This function uses a non-reentrant model


 *************** function _ConfigureOscillator *****************
 Defined at:
		line 17 in file "system.c"
 Parameters:    Size  Location     Type
		None
 Auto vars:     Size  Location     Type
		None
 Return value:  Size  Location     Type
                  1    wreg      void 
 Registers used:
		wreg, status,2, status,0
 Tracked objects:
		On entry : 
		On exit  : 
		Unchanged: 
 Data sizes:     COMMON   BANK0   BANK1
      Params:         0       0       0
      Locals:         0       0       0
      Temps:          0       0       0
      Totals:         0       0       0
Total ram usage:        0 bytes
 Hardware stack levels used:    1
 Hardware stack levels required when called:    1
 This function calls:
		Nothing
 This function is called by:
		_main
 This function uses a non-reentrant model


 *************** function _isr *****************
 Defined at:
		line 23 in file "interrupts.c"
 Parameters:    Size  Location     Type
		None
 Auto vars:     Size  Location     Type
		None
 Return value:  Size  Location     Type
                  1    wreg      void 
 Registers used:
		None
 Tracked objects:
		On entry : 
		On exit  : 
		Unchanged: 
 Data sizes:     COMMON   BANK0   BANK1
      Params:         0       0       0
      Locals:         0       0       0
      Temps:          1       0       0
      Totals:         1       0       0
Total ram usage:        1 bytes
 Hardware stack levels used:    1
 This function calls:
		Nothing
 This function is called by:
		Interrupt level 1
 This function uses a non-reentrant model



MODULE INFORMATION

Module		Function		Class		Link	Load	Size
interrupts.c
		_isr           		CODE           	0004	0000	10

interrupts.c estimated size: 10

mcc_generated_files/boost.c
		_updateBoost   		CODE           	00CE	0000	90
		_setBoostState 		CODE           	015B	0000	27
		_initBoost     		CODE           	01AE	0000	9

mcc_generated_files/boost.c estimated size: 126

mcc_generated_files/fuzz.c
		_updateFuzz    		CODE           	002F	0000	160
		_initFuzz      		CODE           	0195	0000	16
		_setFeedbackState		CODE           	0141	0000	27
		_setFuzzState  		CODE           	0127	0000	27

mcc_generated_files/fuzz.c estimated size: 230

shared
		__initialization		CODE           	000E	0000	31

shared estimated size: 31

user.c
		_InitApp       		CODE           	0175	0000	18
		_init_adc      		CODE           	01A4	0000	11

user.c estimated size: 29

main.c
		_main          		CODE           	0186	0000	16

main.c estimated size: 16

system.c
		_ConfigureOscillator		CODE           	01C2	0000	6

system.c estimated size: 6

